{"level":"info","message":"Server running on port 5000","timestamp":"2026-06-12T10:29:28.992Z"}
{"level":"info","message":"Server running on port 5000","timestamp":"2026-06-12T10:38:40.394Z"}
{"level":"info","message":"GET /api/health","timestamp":"2026-06-12T10:39:20.859Z"}
{"level":"info","message":"GET /favicon.ico","timestamp":"2026-06-12T10:39:20.972Z"}
{"level":"info","message":"POST /api/auth/login","timestamp":"2026-06-12T10:40:05.224Z"}
{"level":"info","message":"GET /api/employees/stats/dashboard","timestamp":"2026-06-12T10:40:05.525Z"}
{"level":"info","message":"GET /api/leaves/stats","timestamp":"2026-06-12T10:40:05.531Z"}
{"level":"info","message":"GET /api/user/profile","timestamp":"2026-06-12T10:40:05.535Z"}
{"level":"info","message":"GET /api/assets/stats","timestamp":"2026-06-12T10:40:05.542Z"}
{"level":"info","message":"GET /api/employees/stats/dashboard","timestamp":"2026-06-12T10:40:05.563Z"}
{"level":"info","message":"GET /api/leaves/stats","timestamp":"2026-06-12T10:40:05.658Z"}
{"level":"info","message":"GET /api/user/profile","timestamp":"2026-06-12T10:40:05.676Z"}
{"level":"info","message":"GET /api/assets/stats","timestamp":"2026-06-12T10:40:05.697Z"}
{"level":"info","message":"Server running on port 5000","timestamp":"2026-06-12T10:45:34.818Z"}
{"level":"info","message":"GET /api/user/profile","timestamp":"2026-06-12T10:46:48.893Z"}
{"level":"info","message":"GET /api/employees/stats/dashboard","timestamp":"2026-06-12T10:46:48.922Z"}
{"level":"info","message":"GET /api/leaves/stats","timestamp":"2026-06-12T10:46:48.926Z"}
{"level":"info","message":"GET /api/assets/stats","timestamp":"2026-06-12T10:46:48.930Z"}
{"level":"info","message":"GET /api/employees/department-stats","timestamp":"2026-06-12T10:46:48.933Z"}
{"level":"info","message":"GET /api/employees/total-salary","timestamp":"2026-06-12T10:46:48.936Z"}
{"level":"info","message":"POST /api/auth/login","timestamp":"2026-06-12T10:48:37.739Z"}
{"level":"info","message":"POST /api/auth/login","timestamp":"2026-06-12T10:48:44.707Z"}
{"level":"info","message":"GET /api/employees/stats/dashboard","timestamp":"2026-06-12T10:48:44.896Z"}
{"level":"info","message":"GET /api/assets/stats","timestamp":"2026-06-12T10:48:44.901Z"}
{"level":"info","message":"GET /api/leaves/stats","timestamp":"2026-06-12T10:48:44.904Z"}
{"level":"info","message":"GET /api/user/profile","timestamp":"2026-06-12T10:48:44.912Z"}
{"level":"info","message":"GET /api/employees/department-stats","timestamp":"2026-06-12T10:48:44.929Z"}
{"level":"info","message":"GET /api/employees/total-salary","timestamp":"2026-06-12T10:48:44.932Z"}
{"level":"info","message":"GET /api/employees/stats/dashboard","timestamp":"2026-06-12T10:48:44.988Z"}
{"level":"info","message":"GET /api/assets/stats","timestamp":"2026-06-12T10:48:45.043Z"}
{"level":"info","message":"GET /api/leaves/stats","timestamp":"2026-06-12T10:48:45.065Z"}
{"level":"info","message":"GET /api/user/profile","timestamp":"2026-06-12T10:48:45.083Z"}
{"level":"info","message":"GET /api/employees/department-stats","timestamp":"2026-06-12T10:48:45.099Z"}
{"level":"info","message":"GET /api/employees/total-salary","timestamp":"2026-06-12T10:48:45.115Z"}
{"level":"info","message":"POST /api/auth/login","timestamp":"2026-06-12T10:51:24.385Z"}
{"level":"info","message":"GET /api/employees/stats/dashboard","timestamp":"2026-06-12T10:51:24.641Z"}
{"level":"info","message":"GET /api/leaves/stats","timestamp":"2026-06-12T10:51:24.642Z"}
{"level":"info","message":"GET /api/assets/stats","timestamp":"2026-06-12T10:51:24.647Z"}
{"level":"info","message":"GET /api/user/profile","timestamp":"2026-06-12T10:51:24.659Z"}
{"level":"info","message":"GET /api/employees/department-stats","timestamp":"2026-06-12T10:51:24.665Z"}
{"level":"info","message":"GET /api/employees/total-salary","timestamp":"2026-06-12T10:51:24.668Z"}
{"level":"info","message":"GET /api/employees/stats/dashboard","timestamp":"2026-06-12T10:51:24.684Z"}
{"level":"info","message":"GET /api/leaves/stats","timestamp":"2026-06-12T10:51:24.756Z"}
{"level":"info","message":"GET /api/assets/stats","timestamp":"2026-06-12T10:51:24.794Z"}
{"level":"info","message":"GET /api/user/profile","timestamp":"2026-06-12T10:51:24.805Z"}
{"level":"info","message":"GET /api/employees/department-stats","timestamp":"2026-06-12T10:51:24.831Z"}
{"level":"info","message":"GET /api/employees/total-salary","timestamp":"2026-06-12T10:51:24.847Z"}
{"level":"info","message":"GET /api/employees","timestamp":"2026-06-12T10:51:32.290Z"}
{"level":"info","message":"GET /api/employees","timestamp":"2026-06-12T10:51:32.305Z"}
{"level":"info","message":"GET /api/employees/total-salary","timestamp":"2026-06-12T10:51:34.299Z"}
{"level":"info","message":"GET /api/employees/stats/dashboard","timestamp":"2026-06-12T10:51:34.302Z"}
{"level":"info","message":"GET /api/leaves/stats","timestamp":"2026-06-12T10:51:34.304Z"}
{"level":"info","message":"GET /api/assets/stats","timestamp":"2026-06-12T10:51:34.306Z"}
{"level":"info","message":"GET /api/employees/department-stats","timestamp":"2026-06-12T10:51:34.308Z"}
{"level":"info","message":"GET /api/user/profile","timestamp":"2026-06-12T10:51:34.310Z"}
{"level":"info","message":"GET /api/employees/total-salary","timestamp":"2026-06-12T10:51:34.320Z"}
{"level":"info","message":"GET /api/user/profile","timestamp":"2026-06-12T10:51:34.322Z"}
{"level":"info","message":"GET /api/employees/department-stats","timestamp":"2026-06-12T10:51:34.326Z"}
{"level":"info","message":"GET /api/employees/stats/dashboard","timestamp":"2026-06-12T10:51:34.340Z"}
{"level":"info","message":"GET /api/assets/stats","timestamp":"2026-06-12T10:51:34.342Z"}
{"level":"info","message":"GET /api/leaves/stats","timestamp":"2026-06-12T10:51:34.344Z"}
{"level":"info","message":"GET /api/employees","timestamp":"2026-06-12T10:51:43.093Z"}
{"level":"info","message":"GET /api/leaves/all","timestamp":"2026-06-12T10:51:43.096Z"}
{"level":"info","message":"GET /api/employees","timestamp":"2026-06-12T10:51:43.108Z"}
{"level":"info","message":"GET /api/leaves/all","timestamp":"2026-06-12T10:51:43.123Z"}
{"level":"info","message":"GET /api/employees/stats/dashboard","timestamp":"2026-06-12T10:51:46.489Z"}
{"level":"info","message":"GET /api/leaves/stats","timestamp":"2026-06-12T10:51:46.493Z"}
{"level":"info","message":"GET /api/employees/department-stats","timestamp":"2026-06-12T10:51:46.495Z"}
{"level":"info","message":"GET /api/assets/stats","timestamp":"2026-06-12T10:51:46.497Z"}
{"level":"info","message":"GET /api/employees/total-salary","timestamp":"2026-06-12T10:51:46.501Z"}
{"level":"info","message":"GET /api/user/profile","timestamp":"2026-06-12T10:51:46.502Z"}
{"level":"info","message":"GET /api/employees/stats/dashboard","timestamp":"2026-06-12T10:51:46.519Z"}
{"level":"info","message":"GET /api/leaves/stats","timestamp":"2026-06-12T10:51:46.522Z"}
{"level":"info","message":"GET /api/employees/department-stats","timestamp":"2026-06-12T10:51:46.588Z"}
{"level":"info","message":"GET /api/assets/stats","timestamp":"2026-06-12T10:51:46.612Z"}
{"level":"info","message":"GET /api/employees/total-salary","timestamp":"2026-06-12T10:51:46.624Z"}
{"level":"info","message":"GET /api/user/profile","timestamp":"2026-06-12T10:51:46.649Z"}
{"level":"info","message":"GET /api/employees/stats/dashboard","timestamp":"2026-06-12T10:53:30.334Z"}
{"level":"info","message":"GET /api/leaves/stats","timestamp":"2026-06-12T10:53:30.339Z"}
{"level":"info","message":"GET /api/assets/stats","timestamp":"2026-06-12T10:53:30.343Z"}
{"level":"info","message":"GET /api/employees/department-stats","timestamp":"2026-06-12T10:53:30.346Z"}
{"level":"info","message":"GET /api/employees/total-salary","timestamp":"2026-06-12T10:53:30.348Z"}
{"level":"info","message":"GET /api/user/profile","timestamp":"2026-06-12T10:53:30.355Z"}
{"level":"info","message":"GET /api/employees/stats/dashboard","timestamp":"2026-06-12T10:53:30.475Z"}
{"level":"info","message":"GET /api/leaves/stats","timestamp":"2026-06-12T10:53:30.494Z"}
{"level":"info","message":"GET /api/assets/stats","timestamp":"2026-06-12T10:53:30.500Z"}
{"level":"info","message":"GET /api/employees/department-stats","timestamp":"2026-06-12T10:53:30.518Z"}
{"level":"info","message":"GET /api/employees/total-salary","timestamp":"2026-06-12T10:53:30.526Z"}
{"level":"info","message":"GET /api/user/profile","timestamp":"2026-06-12T10:53:30.527Z"}
{"level":"info","message":"POST /api/auth/login","timestamp":"2026-06-12T10:54:29.888Z"}
{"level":"info","message":"GET /api/employees/stats/dashboard","timestamp":"2026-06-12T10:54:30.143Z"}
{"level":"info","message":"GET /api/leaves/stats","timestamp":"2026-06-12T10:54:30.147Z"}
{"level":"info","message":"GET /api/assets/stats","timestamp":"2026-06-12T10:54:30.150Z"}
{"level":"info","message":"GET /api/employees/department-stats","timestamp":"2026-06-12T10:54:30.151Z"}
{"level":"info","message":"GET /api/user/profile","timestamp":"2026-06-12T10:54:30.153Z"}
{"level":"info","message":"GET /api/employees/total-salary","timestamp":"2026-06-12T10:54:30.167Z"}
{"level":"info","message":"GET /api/employees/stats/dashboard","timestamp":"2026-06-12T10:54:30.188Z"}
{"level":"info","message":"GET /api/leaves/stats","timestamp":"2026-06-12T10:54:30.302Z"}
{"level":"info","message":"GET /api/assets/stats","timestamp":"2026-06-12T10:54:30.335Z"}
{"level":"info","message":"GET /api/employees/department-stats","timestamp":"2026-06-12T10:54:30.349Z"}
{"level":"info","message":"GET /api/user/profile","timestamp":"2026-06-12T10:54:30.369Z"}
{"level":"info","message":"GET /api/employees/total-salary","timestamp":"2026-06-12T10:54:30.386Z"}
{"level":"info","message":"Server running on port 5000","timestamp":"2026-06-12T10:56:10.659Z"}
{"level":"info","message":"Server running on port 5000","timestamp":"2026-06-13T06:12:35.766Z"}
{"level":"info","message":"POST /api/auth/login","timestamp":"2026-06-13T06:13:16.117Z"}
{"level":"info","message":"GET /api/leaves/stats","timestamp":"2026-06-13T06:13:16.497Z"}
{"level":"info","message":"GET /api/assets/stats","timestamp":"2026-06-13T06:13:16.507Z"}
{"level":"info","message":"GET /api/employees/department-stats","timestamp":"2026-06-13T06:13:16.510Z"}
{"level":"info","message":"GET /api/employees/total-salary","timestamp":"2026-06-13T06:13:16.514Z"}
{"level":"info","message":"GET /api/employees/stats/dashboard","timestamp":"2026-06-13T06:13:16.517Z"}
{"level":"info","message":"GET /api/user/profile","timestamp":"2026-06-13T06:13:16.520Z"}
{"level":"info","message":"GET /api/leaves/stats","timestamp":"2026-06-13T06:13:16.540Z"}
{"level":"info","message":"GET /api/employees/total-salary","timestamp":"2026-06-13T06:13:16.652Z"}
{"level":"info","message":"GET /api/assets/stats","timestamp":"2026-06-13T06:13:16.659Z"}
{"level":"info","message":"GET /api/employees/department-stats","timestamp":"2026-06-13T06:13:16.664Z"}
{"level":"info","message":"GET /api/employees/stats/dashboard","timestamp":"2026-06-13T06:13:16.674Z"}
{"level":"info","message":"GET /api/user/profile","timestamp":"2026-06-13T06:13:16.767Z"}
{"level":"info","message":"GET /api/employees","timestamp":"2026-06-13T06:13:32.454Z"}
{"level":"info","message":"GET /api/employees","timestamp":"2026-06-13T06:13:32.540Z"}
{"level":"info","message":"DELETE /api/employees/71","timestamp":"2026-06-13T06:13:40.826Z"}
{"level":"info","message":"GET /api/employees/stats/dashboard","timestamp":"2026-06-13T06:13:47.492Z"}
{"level":"info","message":"GET /api/leaves/stats","timestamp":"2026-06-13T06:13:47.497Z"}
{"level":"info","message":"GET /api/assets/stats","timestamp":"2026-06-13T06:13:47.502Z"}
{"level":"info","message":"GET /api/user/profile","timestamp":"2026-06-13T06:13:47.506Z"}
{"level":"info","message":"GET /api/employees/department-stats","timestamp":"2026-06-13T06:13:47.515Z"}
{"level":"info","message":"GET /api/employees/total-salary","timestamp":"2026-06-13T06:13:47.518Z"}
{"level":"info","message":"GET /api/employees/stats/dashboard","timestamp":"2026-06-13T06:13:47.541Z"}
{"level":"info","message":"GET /api/leaves/stats","timestamp":"2026-06-13T06:13:47.626Z"}
{"level":"info","message":"GET /api/assets/stats","timestamp":"2026-06-13T06:13:47.658Z"}
{"level":"info","message":"GET /api/user/profile","timestamp":"2026-06-13T06:13:47.661Z"}
{"level":"info","message":"GET /api/employees/department-stats","timestamp":"2026-06-13T06:13:47.680Z"}
{"level":"info","message":"GET /api/employees/total-salary","timestamp":"2026-06-13T06:13:47.696Z"}
{"level":"info","message":"GET /api/leaves/types","timestamp":"2026-06-13T06:13:49.546Z"}
{"level":"info","message":"GET /api/leaves/types","timestamp":"2026-06-13T06:13:49.562Z"}
{"level":"info","message":"GET /api/user/profile","timestamp":"2026-06-13T06:13:51.752Z"}
{"level":"info","message":"GET /api/employees/stats/dashboard","timestamp":"2026-06-13T06:13:51.761Z"}
{"level":"info","message":"GET /api/leaves/stats","timestamp":"2026-06-13T06:13:51.764Z"}
{"level":"info","message":"GET /api/assets/stats","timestamp":"2026-06-13T06:13:51.765Z"}
{"level":"info","message":"GET /api/employees/department-stats","timestamp":"2026-06-13T06:13:51.766Z"}
{"level":"info","message":"GET /api/employees/total-salary","timestamp":"2026-06-13T06:13:51.767Z"}
{"level":"info","message":"GET /api/user/profile","timestamp":"2026-06-13T06:13:51.775Z"}
{"level":"info","message":"GET /api/employees/total-salary","timestamp":"2026-06-13T06:13:51.781Z"}
{"level":"info","message":"GET /api/employees/department-stats","timestamp":"2026-06-13T06:13:51.783Z"}
{"level":"info","message":"GET /api/employees/stats/dashboard","timestamp":"2026-06-13T06:13:51.790Z"}
{"level":"info","message":"GET /api/assets/stats","timestamp":"2026-06-13T06:13:51.791Z"}
{"level":"info","message":"GET /api/leaves/stats","timestamp":"2026-06-13T06:13:51.792Z"}
{"level":"info","message":"GET /api/assets/allocations","timestamp":"2026-06-13T06:13:54.331Z"}
{"level":"info","message":"GET /api/employees","timestamp":"2026-06-13T06:13:54.333Z"}
{"level":"info","message":"GET /api/assets","timestamp":"2026-06-13T06:13:54.334Z"}
{"level":"info","message":"GET /api/employees","timestamp":"2026-06-13T06:13:54.341Z"}
{"level":"info","message":"GET /api/assets/allocations","timestamp":"2026-06-13T06:13:54.342Z"}
{"level":"info","message":"GET /api/assets","timestamp":"2026-06-13T06:13:54.346Z"}
{"level":"info","message":"GET /api/employees/stats/dashboard","timestamp":"2026-06-13T06:13:57.924Z"}
{"level":"info","message":"GET /api/leaves/stats","timestamp":"2026-06-13T06:13:57.928Z"}
{"level":"info","message":"GET /api/user/profile","timestamp":"2026-06-13T06:13:57.931Z"}
{"level":"info","message":"GET /api/assets/stats","timestamp":"2026-06-13T06:13:57.937Z"}
{"level":"info","message":"GET /api/employees/department-stats","timestamp":"2026-06-13T06:13:57.940Z"}
{"level":"info","message":"GET /api/employees/total-salary","timestamp":"2026-06-13T06:13:57.941Z"}
{"level":"info","message":"GET /api/user/profile","timestamp":"2026-06-13T06:13:57.950Z"}
{"level":"info","message":"GET /api/employees/department-stats","timestamp":"2026-06-13T06:13:57.955Z"}
{"level":"info","message":"GET /api/employees/total-salary","timestamp":"2026-06-13T06:13:57.957Z"}
{"level":"info","message":"GET /api/employees/stats/dashboard","timestamp":"2026-06-13T06:13:57.964Z"}
{"level":"info","message":"GET /api/leaves/stats","timestamp":"2026-06-13T06:13:57.966Z"}
{"level":"info","message":"GET /api/assets/stats","timestamp":"2026-06-13T06:13:57.969Z"}
{"level":"info","message":"GET /api/leaves/all","timestamp":"2026-06-13T06:13:59.690Z"}
{"level":"info","message":"GET /api/employees","timestamp":"2026-06-13T06:13:59.692Z"}
{"level":"info","message":"GET /api/employees","timestamp":"2026-06-13T06:13:59.707Z"}
{"level":"info","message":"GET /api/leaves/all","timestamp":"2026-06-13T06:13:59.710Z"}
{"level":"info","message":"GET /api/employees/stats/dashboard","timestamp":"2026-06-13T06:14:03.373Z"}
{"level":"info","message":"GET /api/user/profile","timestamp":"2026-06-13T06:14:03.379Z"}
{"level":"info","message":"GET /api/leaves/stats","timestamp":"2026-06-13T06:14:03.384Z"}
{"level":"info","message":"GET /api/assets/stats","timestamp":"2026-06-13T06:14:03.387Z"}
{"level":"info","message":"GET /api/employees/department-stats","timestamp":"2026-06-13T06:14:03.388Z"}
{"level":"info","message":"GET /api/employees/total-salary","timestamp":"2026-06-13T06:14:03.390Z"}
{"level":"info","message":"GET /api/user/profile","timestamp":"2026-06-13T06:14:03.403Z"}
{"level":"info","message":"GET /api/employees/department-stats","timestamp":"2026-06-13T06:14:03.407Z"}
{"level":"info","message":"GET /api/employees/total-salary","timestamp":"2026-06-13T06:14:03.411Z"}
{"level":"info","message":"GET /api/assets/stats","timestamp":"2026-06-13T06:14:03.416Z"}
{"level":"info","message":"GET /api/employees/stats/dashboard","timestamp":"2026-06-13T06:14:03.428Z"}
{"level":"info","message":"GET /api/leaves/stats","timestamp":"2026-06-13T06:14:03.430Z"}
{"level":"info","message":"GET /api/leaves/all","timestamp":"2026-06-13T06:14:04.916Z"}
{"level":"info","message":"GET /api/leaves/all","timestamp":"2026-06-13T06:14:04.929Z"}
{"level":"info","message":"GET /api/user/profile","timestamp":"2026-06-13T06:14:07.599Z"}
{"level":"info","message":"GET /api/employees/stats/dashboard","timestamp":"2026-06-13T06:14:07.606Z"}
{"level":"info","message":"GET /api/leaves/stats","timestamp":"2026-06-13T06:14:07.608Z"}
{"level":"info","message":"GET /api/assets/stats","timestamp":"2026-06-13T06:14:07.609Z"}
{"level":"info","message":"GET /api/employees/department-stats","timestamp":"2026-06-13T06:14:07.611Z"}
{"level":"info","message":"GET /api/employees/total-salary","timestamp":"2026-06-13T06:14:07.612Z"}
{"level":"info","message":"GET /api/user/profile","timestamp":"2026-06-13T06:14:07.624Z"}
{"level":"info","message":"GET /api/employees/department-stats","timestamp":"2026-06-13T06:14:07.626Z"}
{"level":"info","message":"GET /api/employees/total-salary","timestamp":"2026-06-13T06:14:07.628Z"}
{"level":"info","message":"GET /api/employees/stats/dashboard","timestamp":"2026-06-13T06:14:07.634Z"}
{"level":"info","message":"GET /api/leaves/stats","timestamp":"2026-06-13T06:14:07.637Z"}
{"level":"info","message":"GET /api/assets/stats","timestamp":"2026-06-13T06:14:07.639Z"}
{"level":"info","message":"POST /api/auth/login","timestamp":"2026-06-13T06:18:07.937Z"}
{"level":"info","message":"GET /api/user/profile","timestamp":"2026-06-13T06:18:08.211Z"}
{"level":"info","message":"GET /api/employees/stats/dashboard","timestamp":"2026-06-13T06:18:08.216Z"}
{"level":"info","message":"GET /api/leaves/stats","timestamp":"2026-06-13T06:18:08.219Z"}
{"level":"info","message":"GET /api/assets/stats","timestamp":"2026-06-13T06:18:08.224Z"}
{"level":"info","message":"GET /api/employees/department-stats","timestamp":"2026-06-13T06:18:08.225Z"}
{"level":"info","message":"GET /api/employees/total-salary","timestamp":"2026-06-13T06:18:08.227Z"}
{"level":"info","message":"GET /api/user/profile","timestamp":"2026-06-13T06:18:08.234Z"}
{"level":"info","message":"GET /api/employees/stats/dashboard","timestamp":"2026-06-13T06:18:08.331Z"}
{"level":"info","message":"GET /api/leaves/stats","timestamp":"2026-06-13T06:18:08.355Z"}
{"level":"info","message":"GET /api/employees/department-stats","timestamp":"2026-06-13T06:18:08.371Z"}
{"level":"info","message":"GET /api/assets/stats","timestamp":"2026-06-13T06:18:08.377Z"}
{"level":"info","message":"GET /api/employees/total-salary","timestamp":"2026-06-13T06:18:08.380Z"}
{"level":"info","message":"GET /api/reporting/citywise","timestamp":"2026-06-13T06:18:11.978Z"}
{"level":"info","message":"GET /api/reporting/domainwise","timestamp":"2026-06-13T06:18:11.983Z"}
{"level":"info","message":"GET /api/reporting/meetingmode","timestamp":"2026-06-13T06:18:11.986Z"}
{"level":"info","message":"GET /api/reporting/salary-all","timestamp":"2026-06-13T06:18:11.990Z"}
{"level":"info","message":"GET /api/reporting/citywise","timestamp":"2026-06-13T06:18:12.013Z"}
{"level":"info","message":"GET /api/reporting/domainwise","timestamp":"2026-06-13T06:18:12.016Z"}
{"level":"info","message":"GET /api/reporting/meetingmode","timestamp":"2026-06-13T06:18:12.019Z"}
{"level":"info","message":"GET /api/reporting/salary-all","timestamp":"2026-06-13T06:18:12.024Z"}
